[backblue.gif]
[fade.gif]
[index.html]
[static.intercomassets.com/alexandria/assets/application-00b67c7c87b72734807679ffe67cf68adf711566c397121c5d3432b6d9ff1657.css]
[downloads.intercomcdn.com/i/o/10664/becefda773107e159e180cf9/mstile-150x150.png_; filename_=UTF-8''mstile-150x150.png]
[downloads.intercomcdn.com/i/o/10665/e0a3f2d530dec840274993ed/white_lockup.png_; filename_=UTF-8''white_lockup.png]
[static.intercomassets.com/avatars/424435/square_128/brett_sm_37kb-15299443393788.jpg]
[downloads.intercomcdn.com/i/o/6212/ebd38197bf884b1df0c2c69e/support page header %402x.png_; filename_=UTF-8''support%20page%20header%20%402x.png]
[downloads.intercomcdn.com/i/o/119549973/10d9ecd6d024b6defe0c2110/Screenshot 2019-05-07 at 12.13.11.png_; filename_=UTF-8''Screenshot%202019-05-07%20at%2012.13.11.png]
[downloads.intercomcdn.com/i/o/119549724/2ea025c619e61b2b9d485858/Screenshot 2019-05-07 at 12.11.40.png_; filename_=UTF-8''Screenshot%202019-05-07%20at%2012.11.40.png]
[downloads.intercomcdn.com/i/o/119643859/1128035d5ebfd4a9920201f2/d4a95decdca72d6d3804f3686fde7d20.gif_; filename_=UTF-8''d4a95decdca72d6d3804f3686fde7d20.gif]
[static.intercomassets.com/alexandria/assets/intercom-a6a6ac0f033657af1aebe2e9e15b94a3cd5eabf6ae8b9916df6ea49099a894d8.png]
[downloads.intercomcdn.com/i/o/119550936/dc0e4f973af86280a51d4d28/Screenshot 2019-05-07 at 12.17.31.png_; filename_=UTF-8''Screenshot%202019-05-07%20at%2012.17.31.png]
[support.frame.io/en/articles/1161479-review-links-explained-for-clients.html]
[static.intercomassets.com/alexandria/assets/application-db32c1fdaa20f624fe10e445a92823b27d87e226c1fff9700df5052473ac410f.js]
[fonts.intercomcdn.com/proxima-nova/proxima-nova-all.css]
[static.intercomassets.com/alexandria/assets/emoji-spritemap-32-148a4a6a2d1fdd0c7b50cf0f760692515d2f775104d1935d6aba15fc21af72b2.png]
[static.intercomassets.com/alexandria/assets/application-00b67c7c87b72734807679ffe67cf68adf711566c397121c5d3432b6d9ff1657.css]
[fonts.intercomcdn.com/proxima-nova/cyrillic-ext/proxima-nova-cyrillic-ext-bold-italicd41d.eot]
[fonts.intercomcdn.com/proxima-nova/cyrillic-ext/proxima-nova-cyrillic-ext-bold-italic.eot]
[fonts.intercomcdn.com/proxima-nova/cyrillic-ext/proxima-nova-cyrillic-ext-bold-italic.woff2]
[fonts.intercomcdn.com/proxima-nova/cyrillic-ext/proxima-nova-cyrillic-ext-bold-italic.woff]
[fonts.intercomcdn.com/proxima-nova/cyrillic/proxima-nova-cyrillic-bold-italic.eot]
[fonts.intercomcdn.com/proxima-nova/cyrillic/proxima-nova-cyrillic-bold-italicd41d.eot]
[fonts.intercomcdn.com/proxima-nova/cyrillic/proxima-nova-cyrillic-bold-italic.woff2]
[fonts.intercomcdn.com/proxima-nova/cyrillic/proxima-nova-cyrillic-bold-italic.woff]
[fonts.intercomcdn.com/proxima-nova/greek/proxima-nova-greek-bold-italic.eot]
[fonts.intercomcdn.com/proxima-nova/greek/proxima-nova-greek-bold-italicd41d.eot]
[fonts.intercomcdn.com/proxima-nova/greek/proxima-nova-greek-bold-italic.woff2]
[fonts.intercomcdn.com/proxima-nova/greek/proxima-nova-greek-bold-italic.woff]
[fonts.intercomcdn.com/proxima-nova/vietnamese/proxima-nova-vietnamese-bold-italic.eot]
[fonts.intercomcdn.com/proxima-nova/vietnamese/proxima-nova-vietnamese-bold-italicd41d.eot]
[fonts.intercomcdn.com/proxima-nova/vietnamese/proxima-nova-vietnamese-bold-italic.woff2]
[fonts.intercomcdn.com/proxima-nova/vietnamese/proxima-nova-vietnamese-bold-italic.woff]
[fonts.intercomcdn.com/proxima-nova/latin-ext/proxima-nova-latin-ext-bold-italicd41d.eot]
[fonts.intercomcdn.com/proxima-nova/latin-ext/proxima-nova-latin-ext-bold-italic.eot]
[fonts.intercomcdn.com/proxima-nova/latin-ext/proxima-nova-latin-ext-bold-italic.woff2]
[fonts.intercomcdn.com/proxima-nova/latin-ext/proxima-nova-latin-ext-bold-italic.woff]
[fonts.intercomcdn.com/proxima-nova/latin/proxima-nova-latin-bold-italic.eot]
[fonts.intercomcdn.com/proxima-nova/latin/proxima-nova-latin-bold-italicd41d.eot]
[fonts.intercomcdn.com/proxima-nova/latin/proxima-nova-latin-bold-italic.woff2]
[fonts.intercomcdn.com/proxima-nova/latin/proxima-nova-latin-bold-italic.woff]
[fonts.intercomcdn.com/proxima-nova/cyrillic-ext/proxima-nova-cyrillic-ext-bold.eot]
[fonts.intercomcdn.com/proxima-nova/cyrillic-ext/proxima-nova-cyrillic-ext-boldd41d.eot]
[fonts.intercomcdn.com/proxima-nova/cyrillic-ext/proxima-nova-cyrillic-ext-bold.woff2]
[fonts.intercomcdn.com/proxima-nova/cyrillic-ext/proxima-nova-cyrillic-ext-bold.woff]
[fonts.intercomcdn.com/proxima-nova/cyrillic/proxima-nova-cyrillic-bold.eot]
[fonts.intercomcdn.com/proxima-nova/cyrillic/proxima-nova-cyrillic-boldd41d.eot]
[fonts.intercomcdn.com/proxima-nova/cyrillic/proxima-nova-cyrillic-bold.woff2]
[fonts.intercomcdn.com/proxima-nova/cyrillic/proxima-nova-cyrillic-bold.woff]
[fonts.intercomcdn.com/proxima-nova/greek/proxima-nova-greek-bold.eot]
[fonts.intercomcdn.com/proxima-nova/greek/proxima-nova-greek-boldd41d.eot]
[fonts.intercomcdn.com/proxima-nova/greek/proxima-nova-greek-bold.woff2]
[fonts.intercomcdn.com/proxima-nova/greek/proxima-nova-greek-bold.woff]
[fonts.intercomcdn.com/proxima-nova/vietnamese/proxima-nova-vietnamese-bold.eot]
[fonts.intercomcdn.com/proxima-nova/vietnamese/proxima-nova-vietnamese-boldd41d.eot]
[fonts.intercomcdn.com/proxima-nova/vietnamese/proxima-nova-vietnamese-bold.woff2]
[fonts.intercomcdn.com/proxima-nova/vietnamese/proxima-nova-vietnamese-bold.woff]
[fonts.intercomcdn.com/proxima-nova/latin-ext/proxima-nova-latin-ext-bold.eot]
[fonts.intercomcdn.com/proxima-nova/latin-ext/proxima-nova-latin-ext-boldd41d.eot]
[fonts.intercomcdn.com/proxima-nova/latin-ext/proxima-nova-latin-ext-bold.woff2]
[fonts.intercomcdn.com/proxima-nova/latin-ext/proxima-nova-latin-ext-bold.woff]
[fonts.intercomcdn.com/proxima-nova/latin/proxima-nova-latin-bold.eot]
[fonts.intercomcdn.com/proxima-nova/latin/proxima-nova-latin-boldd41d.eot]
[fonts.intercomcdn.com/proxima-nova/latin/proxima-nova-latin-bold.woff2]
[fonts.intercomcdn.com/proxima-nova/latin/proxima-nova-latin-bold.woff]
[fonts.intercomcdn.com/proxima-nova/cyrillic-ext/proxima-nova-cyrillic-ext-light-italic.eot]
[fonts.intercomcdn.com/proxima-nova/cyrillic-ext/proxima-nova-cyrillic-ext-light-italicd41d.eot]
[fonts.intercomcdn.com/proxima-nova/cyrillic-ext/proxima-nova-cyrillic-ext-light-italic.woff2]
[fonts.intercomcdn.com/proxima-nova/cyrillic-ext/proxima-nova-cyrillic-ext-light-italic.woff]
[fonts.intercomcdn.com/proxima-nova/cyrillic/proxima-nova-cyrillic-light-italic.eot]
[fonts.intercomcdn.com/proxima-nova/cyrillic/proxima-nova-cyrillic-light-italicd41d.eot]
[fonts.intercomcdn.com/proxima-nova/cyrillic/proxima-nova-cyrillic-light-italic.woff2]
[fonts.intercomcdn.com/proxima-nova/cyrillic/proxima-nova-cyrillic-light-italic.woff]
[fonts.intercomcdn.com/proxima-nova/greek/proxima-nova-greek-light-italic.eot]
[fonts.intercomcdn.com/proxima-nova/greek/proxima-nova-greek-light-italicd41d.eot]
[fonts.intercomcdn.com/proxima-nova/greek/proxima-nova-greek-light-italic.woff2]
[fonts.intercomcdn.com/proxima-nova/greek/proxima-nova-greek-light-italic.woff]
[fonts.intercomcdn.com/proxima-nova/vietnamese/proxima-nova-vietnamese-light-italic.eot]
[fonts.intercomcdn.com/proxima-nova/vietnamese/proxima-nova-vietnamese-light-italicd41d.eot]
[fonts.intercomcdn.com/proxima-nova/vietnamese/proxima-nova-vietnamese-light-italic.woff2]
[fonts.intercomcdn.com/proxima-nova/vietnamese/proxima-nova-vietnamese-light-italic.woff]
[fonts.intercomcdn.com/proxima-nova/latin-ext/proxima-nova-latin-ext-light-italic.eot]
[fonts.intercomcdn.com/proxima-nova/latin-ext/proxima-nova-latin-ext-light-italicd41d.eot]
[fonts.intercomcdn.com/proxima-nova/latin-ext/proxima-nova-latin-ext-light-italic.woff2]
[fonts.intercomcdn.com/proxima-nova/latin-ext/proxima-nova-latin-ext-light-italic.woff]
[fonts.intercomcdn.com/proxima-nova/latin/proxima-nova-latin-light-italic.eot]
[fonts.intercomcdn.com/proxima-nova/latin/proxima-nova-latin-light-italicd41d.eot]
[fonts.intercomcdn.com/proxima-nova/latin/proxima-nova-latin-light-italic.woff2]
[fonts.intercomcdn.com/proxima-nova/latin/proxima-nova-latin-light-italic.woff]
[fonts.intercomcdn.com/proxima-nova/cyrillic-ext/proxima-nova-cyrillic-ext-lightd41d.eot]
[fonts.intercomcdn.com/proxima-nova/cyrillic-ext/proxima-nova-cyrillic-ext-light.eot]
[fonts.intercomcdn.com/proxima-nova/cyrillic-ext/proxima-nova-cyrillic-ext-light.woff2]
[fonts.intercomcdn.com/proxima-nova/cyrillic-ext/proxima-nova-cyrillic-ext-light.woff]
[fonts.intercomcdn.com/proxima-nova/cyrillic/proxima-nova-cyrillic-light.eot]
[fonts.intercomcdn.com/proxima-nova/cyrillic/proxima-nova-cyrillic-lightd41d.eot]
[fonts.intercomcdn.com/proxima-nova/cyrillic/proxima-nova-cyrillic-light.woff2]
[fonts.intercomcdn.com/proxima-nova/cyrillic/proxima-nova-cyrillic-light.woff]
[fonts.intercomcdn.com/proxima-nova/greek/proxima-nova-greek-light.eot]
[fonts.intercomcdn.com/proxima-nova/greek/proxima-nova-greek-lightd41d.eot]
[fonts.intercomcdn.com/proxima-nova/greek/proxima-nova-greek-light.woff2]
[fonts.intercomcdn.com/proxima-nova/greek/proxima-nova-greek-light.woff]
[fonts.intercomcdn.com/proxima-nova/vietnamese/proxima-nova-vietnamese-light.eot]
[fonts.intercomcdn.com/proxima-nova/vietnamese/proxima-nova-vietnamese-lightd41d.eot]
[fonts.intercomcdn.com/proxima-nova/vietnamese/proxima-nova-vietnamese-light.woff2]
[fonts.intercomcdn.com/proxima-nova/vietnamese/proxima-nova-vietnamese-light.woff]
[fonts.intercomcdn.com/proxima-nova/latin-ext/proxima-nova-latin-ext-light.eot]
[fonts.intercomcdn.com/proxima-nova/latin-ext/proxima-nova-latin-ext-lightd41d.eot]
[fonts.intercomcdn.com/proxima-nova/latin-ext/proxima-nova-latin-ext-light.woff2]
[fonts.intercomcdn.com/proxima-nova/latin-ext/proxima-nova-latin-ext-light.woff]
[fonts.intercomcdn.com/proxima-nova/latin/proxima-nova-latin-light.eot]
[fonts.intercomcdn.com/proxima-nova/latin/proxima-nova-latin-lightd41d.eot]
[fonts.intercomcdn.com/proxima-nova/latin/proxima-nova-latin-light.woff2]
[fonts.intercomcdn.com/proxima-nova/latin/proxima-nova-latin-light.woff]
[fonts.intercomcdn.com/proxima-nova/cyrillic-ext/proxima-nova-cyrillic-ext-regular-italic.eot]
[fonts.intercomcdn.com/proxima-nova/cyrillic-ext/proxima-nova-cyrillic-ext-regular-italicd41d.eot]
[fonts.intercomcdn.com/proxima-nova/cyrillic-ext/proxima-nova-cyrillic-ext-regular-italic.woff2]
[fonts.intercomcdn.com/proxima-nova/cyrillic-ext/proxima-nova-cyrillic-ext-regular-italic.woff]
[fonts.intercomcdn.com/proxima-nova/cyrillic/proxima-nova-cyrillic-regular-italic.eot]
[fonts.intercomcdn.com/proxima-nova/cyrillic/proxima-nova-cyrillic-regular-italicd41d.eot]
[fonts.intercomcdn.com/proxima-nova/cyrillic/proxima-nova-cyrillic-regular-italic.woff2]
[fonts.intercomcdn.com/proxima-nova/cyrillic/proxima-nova-cyrillic-regular-italic.woff]
[fonts.intercomcdn.com/proxima-nova/greek/proxima-nova-greek-regular-italic.eot]
[fonts.intercomcdn.com/proxima-nova/greek/proxima-nova-greek-regular-italicd41d.eot]
[fonts.intercomcdn.com/proxima-nova/greek/proxima-nova-greek-regular-italic.woff2]
[fonts.intercomcdn.com/proxima-nova/greek/proxima-nova-greek-regular-italic.woff]
[fonts.intercomcdn.com/proxima-nova/vietnamese/proxima-nova-vietnamese-regular-italic.eot]
[fonts.intercomcdn.com/proxima-nova/vietnamese/proxima-nova-vietnamese-regular-italicd41d.eot]
[fonts.intercomcdn.com/proxima-nova/vietnamese/proxima-nova-vietnamese-regular-italic.woff2]
[fonts.intercomcdn.com/proxima-nova/vietnamese/proxima-nova-vietnamese-regular-italic.woff]
[fonts.intercomcdn.com/proxima-nova/latin-ext/proxima-nova-latin-ext-regular-italicd41d.eot]
[fonts.intercomcdn.com/proxima-nova/latin-ext/proxima-nova-latin-ext-regular-italic.eot]
[fonts.intercomcdn.com/proxima-nova/latin-ext/proxima-nova-latin-ext-regular-italic.woff2]
[fonts.intercomcdn.com/proxima-nova/latin-ext/proxima-nova-latin-ext-regular-italic.woff]
[fonts.intercomcdn.com/proxima-nova/latin/proxima-nova-latin-regular-italicd41d.eot]
[fonts.intercomcdn.com/proxima-nova/latin/proxima-nova-latin-regular-italic.eot]
[fonts.intercomcdn.com/proxima-nova/latin/proxima-nova-latin-regular-italic.woff2]
[fonts.intercomcdn.com/proxima-nova/latin/proxima-nova-latin-regular-italic.woff]
[fonts.intercomcdn.com/proxima-nova/cyrillic-ext/proxima-nova-cyrillic-ext-regular.eot]
[fonts.intercomcdn.com/proxima-nova/cyrillic-ext/proxima-nova-cyrillic-ext-regulard41d.eot]
[fonts.intercomcdn.com/proxima-nova/cyrillic-ext/proxima-nova-cyrillic-ext-regular.woff2]
[fonts.intercomcdn.com/proxima-nova/cyrillic-ext/proxima-nova-cyrillic-ext-regular.woff]
[fonts.intercomcdn.com/proxima-nova/cyrillic/proxima-nova-cyrillic-regular.eot]
[fonts.intercomcdn.com/proxima-nova/cyrillic/proxima-nova-cyrillic-regulard41d.eot]
[fonts.intercomcdn.com/proxima-nova/cyrillic/proxima-nova-cyrillic-regular.woff2]
[fonts.intercomcdn.com/proxima-nova/cyrillic/proxima-nova-cyrillic-regular.woff]
[fonts.intercomcdn.com/proxima-nova/greek/proxima-nova-greek-regular.eot]
[fonts.intercomcdn.com/proxima-nova/greek/proxima-nova-greek-regulard41d.eot]
[fonts.intercomcdn.com/proxima-nova/greek/proxima-nova-greek-regular.woff2]
[fonts.intercomcdn.com/proxima-nova/greek/proxima-nova-greek-regular.woff]
[fonts.intercomcdn.com/proxima-nova/vietnamese/proxima-nova-vietnamese-regular.eot]
[fonts.intercomcdn.com/proxima-nova/vietnamese/proxima-nova-vietnamese-regulard41d.eot]
[fonts.intercomcdn.com/proxima-nova/vietnamese/proxima-nova-vietnamese-regular.woff2]
[fonts.intercomcdn.com/proxima-nova/vietnamese/proxima-nova-vietnamese-regular.woff]
[fonts.intercomcdn.com/proxima-nova/latin-ext/proxima-nova-latin-ext-regulard41d.eot]
[fonts.intercomcdn.com/proxima-nova/latin-ext/proxima-nova-latin-ext-regular.eot]
[fonts.intercomcdn.com/proxima-nova/latin-ext/proxima-nova-latin-ext-regular.woff2]
[fonts.intercomcdn.com/proxima-nova/latin-ext/proxima-nova-latin-ext-regular.woff]
[fonts.intercomcdn.com/proxima-nova/latin/proxima-nova-latin-regular.eot]
[fonts.intercomcdn.com/proxima-nova/latin/proxima-nova-latin-regulard41d.eot]
[fonts.intercomcdn.com/proxima-nova/latin/proxima-nova-latin-regular.woff2]
[fonts.intercomcdn.com/proxima-nova/latin/proxima-nova-latin-regular.woff]
[fonts.intercomcdn.com/proxima-nova/cyrillic-ext/proxima-nova-cyrillic-ext-semibold-italic.eot]
[fonts.intercomcdn.com/proxima-nova/cyrillic-ext/proxima-nova-cyrillic-ext-semibold-italicd41d.eot]
[fonts.intercomcdn.com/proxima-nova/cyrillic-ext/proxima-nova-cyrillic-ext-semibold-italic.woff2]
[fonts.intercomcdn.com/proxima-nova/cyrillic-ext/proxima-nova-cyrillic-ext-semibold-italic.woff]
[fonts.intercomcdn.com/proxima-nova/cyrillic/proxima-nova-cyrillic-semibold-italic.eot]
[fonts.intercomcdn.com/proxima-nova/cyrillic/proxima-nova-cyrillic-semibold-italicd41d.eot]
[fonts.intercomcdn.com/proxima-nova/cyrillic/proxima-nova-cyrillic-semibold-italic.woff2]
[fonts.intercomcdn.com/proxima-nova/cyrillic/proxima-nova-cyrillic-semibold-italic.woff]
[fonts.intercomcdn.com/proxima-nova/greek/proxima-nova-greek-semibold-italic.eot]
[fonts.intercomcdn.com/proxima-nova/greek/proxima-nova-greek-semibold-italicd41d.eot]
[fonts.intercomcdn.com/proxima-nova/greek/proxima-nova-greek-semibold-italic.woff2]
[fonts.intercomcdn.com/proxima-nova/greek/proxima-nova-greek-semibold-italic.woff]
[fonts.intercomcdn.com/proxima-nova/vietnamese/proxima-nova-vietnamese-semibold-italic.eot]
[fonts.intercomcdn.com/proxima-nova/vietnamese/proxima-nova-vietnamese-semibold-italicd41d.eot]
[fonts.intercomcdn.com/proxima-nova/vietnamese/proxima-nova-vietnamese-semibold-italic.woff2]
[fonts.intercomcdn.com/proxima-nova/vietnamese/proxima-nova-vietnamese-semibold-italic.woff]
[fonts.intercomcdn.com/proxima-nova/latin-ext/proxima-nova-latin-ext-semibold-italic.eot]
[fonts.intercomcdn.com/proxima-nova/latin-ext/proxima-nova-latin-ext-semibold-italicd41d.eot]
[fonts.intercomcdn.com/proxima-nova/latin-ext/proxima-nova-latin-ext-semibold-italic.woff2]
[fonts.intercomcdn.com/proxima-nova/latin-ext/proxima-nova-latin-ext-semibold-italic.woff]
[fonts.intercomcdn.com/proxima-nova/latin/proxima-nova-latin-semibold-italic.eot]
[fonts.intercomcdn.com/proxima-nova/latin/proxima-nova-latin-semibold-italicd41d.eot]
[fonts.intercomcdn.com/proxima-nova/latin/proxima-nova-latin-semibold-italic.woff2]
[fonts.intercomcdn.com/proxima-nova/latin/proxima-nova-latin-semibold-italic.woff]
[fonts.intercomcdn.com/proxima-nova/cyrillic-ext/proxima-nova-cyrillic-ext-semibold.eot]
[fonts.intercomcdn.com/proxima-nova/cyrillic-ext/proxima-nova-cyrillic-ext-semiboldd41d.eot]
[fonts.intercomcdn.com/proxima-nova/cyrillic-ext/proxima-nova-cyrillic-ext-semibold.woff2]
[fonts.intercomcdn.com/proxima-nova/cyrillic-ext/proxima-nova-cyrillic-ext-semibold.woff]
[fonts.intercomcdn.com/proxima-nova/cyrillic/proxima-nova-cyrillic-semiboldd41d.eot]
[fonts.intercomcdn.com/proxima-nova/cyrillic/proxima-nova-cyrillic-semibold.eot]
[fonts.intercomcdn.com/proxima-nova/cyrillic/proxima-nova-cyrillic-semibold.woff2]
[fonts.intercomcdn.com/proxima-nova/cyrillic/proxima-nova-cyrillic-semibold.woff]
[fonts.intercomcdn.com/proxima-nova/greek/proxima-nova-greek-semibold.eot]
[fonts.intercomcdn.com/proxima-nova/greek/proxima-nova-greek-semiboldd41d.eot]
[fonts.intercomcdn.com/proxima-nova/greek/proxima-nova-greek-semibold.woff2]
[fonts.intercomcdn.com/proxima-nova/greek/proxima-nova-greek-semibold.woff]
[fonts.intercomcdn.com/proxima-nova/vietnamese/proxima-nova-vietnamese-semibold.eot]
[fonts.intercomcdn.com/proxima-nova/vietnamese/proxima-nova-vietnamese-semiboldd41d.eot]
[fonts.intercomcdn.com/proxima-nova/vietnamese/proxima-nova-vietnamese-semibold.woff2]
[fonts.intercomcdn.com/proxima-nova/vietnamese/proxima-nova-vietnamese-semibold.woff]
[fonts.intercomcdn.com/proxima-nova/latin-ext/proxima-nova-latin-ext-semibold.eot]
[fonts.intercomcdn.com/proxima-nova/latin-ext/proxima-nova-latin-ext-semiboldd41d.eot]
[fonts.intercomcdn.com/proxima-nova/latin-ext/proxima-nova-latin-ext-semibold.woff2]
[fonts.intercomcdn.com/proxima-nova/latin-ext/proxima-nova-latin-ext-semibold.woff]
[fonts.intercomcdn.com/proxima-nova/latin/proxima-nova-latin-semibold.eot]
[fonts.intercomcdn.com/proxima-nova/latin/proxima-nova-latin-semiboldd41d.eot]
[fonts.intercomcdn.com/proxima-nova/latin/proxima-nova-latin-semibold.woff2]
[fonts.intercomcdn.com/proxima-nova/proxima-nova-all.css]
[fonts.intercomcdn.com/proxima-nova/latin/proxima-nova-latin-semibold.woff]
